<html>
<body>
<pre>
<h1>µVision Build Log</h1>
<h2>Project:</h2>
C:\Users\Heather\Documents\Classes\CS472\Lab2\lab2_part2.uvproj
Project File Date:  04/18/2014

<h2>Output:</h2>
Build target 'Target 1'
assembling part2.s...
linking...
Program Size: Code=156 RO-data=0 RW-data=0 ZI-data=0  
".\lab2_part2.axf" - 0 Error(s), 0 Warning(s).
arget not created
king...
Program Size: Code=164 RO-data=0 RW-data=0 ZI-data=0  
".\lab2_part2.axf" - 0 Error(s), 2 Warning(s).
r external
".\lab2_part2.axf" - 3 Error(s), 0 Warning(s).
Target not created
 
part2.s(69): error: A1167E: Invalid line start 
part2.s(73): error: A1167E: Invalid line start 
part2.s(74): error: A1137E: Unexpected characters at end of line
".\lab2_part2.axf" - 10 Error(s), 0 Warning(s).
Target not created
 characters at end of line
".\lab2_part2.axf" - 12 Error(s), 0 Warning(s).
Target not created
lab2_part2.axf" - 12 Error(s), 0 Warning(s).
Target not created
